
> gofer-flow-ui@0.3.4 build
> vite build

vite v7.3.6 building client environment for production...
transforming...
✓ 2835 modules transformed.
rendering chunks...
computing gzip size...
dist/index.html                                        4.28 kB │ gzip:   1.58 kB
dist/assets/indigo-android-224-BdJTE-4p.png           56.20 kB
dist/assets/indigo-android-sleep-224-BqnQjyrr.png     56.60 kB
dist/assets/indigo-android-open-224-BHoR7Qm3.png      56.70 kB
dist/assets/indigo-android-wave-224-ChjIAmGy.png      59.66 kB
dist/assets/codicon-DCmgc-ay.ttf                      80.34 kB
dist/assets/indigo-android-sleep-336-TC_aCuJG.png    115.69 kB
dist/assets/indigo-android-336-BLTeMrje.png          116.12 kB
dist/assets/indigo-android-open-336-BKyFfM4j.png     116.25 kB
dist/assets/indigo-android-wave-336-fjLqWXV7.png     121.32 kB
dist/assets/editor.worker-B4pQIWZD.js                231.35 kB
dist/assets/roundel-DrygzRWG.png                     571.73 kB
dist/assets/TerminalWorkspace-Dv47L9lv.css             4.13 kB │ gzip:   1.05 kB
dist/assets/SwarmWorkspace-CnAe6RKP.css               21.73 kB │ gzip:   4.58 kB
dist/assets/index-kUwddyOZ.css                        87.13 kB │ gzip:  16.11 kB
dist/assets/monaco-JUxPupe6.css                      116.79 kB │ gzip:  18.29 kB
dist/assets/command-CmQhb8qZ.js                        0.18 kB │ gzip:   0.16 kB
dist/assets/ellipsis-DOZwNA0K.js                       0.22 kB │ gzip:   0.16 kB
dist/assets/settings-2-Ba1cQW2W.js                     0.24 kB │ gzip:   0.19 kB
dist/assets/folder-plus-DIU2eqM2.js                    0.30 kB │ gzip:   0.22 kB
dist/assets/eye-DCrrC3Gj.js                            0.36 kB │ gzip:   0.25 kB
dist/assets/file-json-2-DXf3R60u.js                    0.64 kB │ gzip:   0.29 kB
dist/assets/azcli-1IWB1ccx.js                          0.71 kB │ gzip:   0.28 kB
dist/assets/javascript-DIwwNpC4.js                     0.86 kB │ gzip:   0.47 kB
dist/assets/ini-BvajGCUy.js                            0.96 kB │ gzip:   0.49 kB
dist/assets/csp-C46ZqvIl.js                            1.28 kB │ gzip:   0.49 kB
dist/assets/pla-CjnFlu4u.js                            1.54 kB │ gzip:   0.60 kB
dist/assets/scheme-Dhb-2j9p.js                         1.63 kB │ gzip:   0.78 kB
dist/assets/flow9-Cac8vKd7.js                          1.67 kB │ gzip:   0.81 kB
dist/assets/sb-BYAiYHFx.js                             1.69 kB │ gzip:   0.78 kB
dist/assets/bat-DPkNLes8.js                            1.71 kB │ gzip:   0.83 kB
dist/assets/PathNameDialog-BBSnjMaq.js                 1.72 kB │ gzip:   0.86 kB
dist/assets/dockerfile-DLk6rpji.js                     1.73 kB │ gzip:   0.63 kB
dist/assets/pascaligo-5jv8CcQD.js                      1.86 kB │ gzip:   0.87 kB
dist/assets/lua-D28Ae8-K.js                            1.98 kB │ gzip:   0.89 kB
dist/assets/cameligo-CGrWLZr3.js                       2.05 kB │ gzip:   0.92 kB
dist/assets/graphql-LQdxqEYJ.js                        2.12 kB │ gzip:   0.99 kB
dist/assets/objective-c-B1aVtJYH.js                    2.26 kB │ gzip:   1.02 kB
dist/assets/lexon-Canl7DCW.js                          2.30 kB │ gzip:   0.88 kB
dist/assets/xml-C_9O016A.js                            2.34 kB │ gzip:   0.96 kB
dist/assets/bicep-Corcdgou.js                          2.40 kB │ gzip:   0.93 kB
dist/assets/sparql-KEyrF7De.js                         2.41 kB │ gzip:   1.12 kB
dist/assets/mips-CdjsipkG.js                           2.44 kB │ gzip:   1.03 kB
dist/assets/go-O9LJTZXk.js                             2.52 kB │ gzip:   1.11 kB
dist/assets/sophia-RYC1BQQz.js                         2.62 kB │ gzip:   1.17 kB
dist/assets/typespec-CzxlYoT_.js                       2.66 kB │ gzip:   1.05 kB
dist/assets/m3-DPitgjJI.js                             2.68 kB │ gzip:   1.28 kB
dist/assets/fsharp-fd1GTHhf.js                         2.84 kB │ gzip:   1.28 kB
dist/assets/pascal-BhNW15KB.js                         2.86 kB │ gzip:   1.35 kB
dist/assets/shell-CsDZo4DB.js                          2.93 kB │ gzip:   1.16 kB
dist/assets/swarms-CzPpWNDb.js                         2.98 kB │ gzip:   1.47 kB
dist/assets/r-BIFz-_sK.js                              2.99 kB │ gzip:   1.24 kB
dist/assets/qsharp-q7JyzKFN.js                         3.05 kB │ gzip:   1.37 kB
dist/assets/java-SYsfObOQ.js                           3.08 kB │ gzip:   1.36 kB
dist/assets/powershell-Bu_VLpJB.js                     3.13 kB │ gzip:   1.34 kB
dist/assets/cypher-D84EuPTj.js                         3.25 kB │ gzip:   1.40 kB
dist/assets/kotlin-qQ0MG-9I.js                         3.30 kB │ gzip:   1.44 kB
dist/assets/redis-CHOsPHWR.js                          3.42 kB │ gzip:   1.44 kB
dist/assets/tcl-PloMZuKG.js                            3.43 kB │ gzip:   1.33 kB
dist/assets/coffee-B7EJu28W.js                         3.45 kB │ gzip:   1.26 kB
dist/assets/hcl-DxDQ3s82.js                            3.45 kB │ gzip:   1.45 kB
dist/assets/markdown-B811l8j2.js                       3.65 kB │ gzip:   1.35 kB
dist/assets/restructuredtext-CghPJEOS.js               3.75 kB │ gzip:   1.33 kB
dist/assets/less-GGFNNJHn.js                           3.76 kB │ gzip:   1.38 kB
dist/assets/apex-DnsZk_dE.js                           3.81 kB │ gzip:   1.73 kB
dist/assets/liquid-DeNL4Qct.js                         3.89 kB │ gzip:   1.65 kB
dist/assets/yaml-B3CmvCpC.js                           3.94 kB │ gzip:   1.51 kB
dist/assets/rust-DMDD0SHb.js                           4.02 kB │ gzip:   1.79 kB
dist/assets/dart-D8lhlL1r.js                           4.11 kB │ gzip:   1.61 kB
dist/assets/python-DHidhHTU.js                         4.12 kB │ gzip:   1.68 kB
dist/assets/css-DQU6DXDx.js                            4.37 kB │ gzip:   1.34 kB
dist/assets/csharp-BoL64M5l.js                         4.38 kB │ gzip:   1.69 kB
dist/assets/pug-kFxLfcjb.js                            4.69 kB │ gzip:   1.61 kB
dist/assets/msdax-CYqgjx_P.js                          4.77 kB │ gzip:   1.90 kB
dist/assets/swift-D7IUmUK8.js                          4.77 kB │ gzip:   2.00 kB
dist/assets/mdx-DBaPYTyn.js                            4.79 kB │ gzip:   1.44 kB
dist/assets/html-DePiW3yr.js                           4.94 kB │ gzip:   1.39 kB
dist/assets/cpp-SEyurbux.js                            5.16 kB │ gzip:   2.05 kB
dist/assets/ecl-BO6FnfXk.js                            5.20 kB │ gzip:   2.19 kB
dist/assets/typescript-CcSnRptX.js                     5.34 kB │ gzip:   2.16 kB
dist/assets/vb-BwAE3J76.js                             5.65 kB │ gzip:   2.02 kB
dist/assets/twig-BfRIq3la.js                           5.83 kB │ gzip:   1.48 kB
dist/assets/scss-CTwUZ5N7.js                           6.27 kB │ gzip:   1.71 kB
dist/assets/handlebars-D7__e4sW.js                     6.70 kB │ gzip:   1.61 kB
dist/assets/julia-DQXNmw_w.js                          7.01 kB │ gzip:   2.62 kB
dist/assets/scala-Bqvq8jcR.js                          7.18 kB │ gzip:   2.06 kB
dist/assets/wgsl-B_1kOXbF.js                           7.21 kB │ gzip:   2.72 kB
dist/assets/st-C7iG7M4S.js                             7.26 kB │ gzip:   2.21 kB
dist/assets/systemverilog-DgMryOEJ.js                  7.46 kB │ gzip:   2.72 kB
dist/assets/postiats-CQpG440k.js                       7.72 kB │ gzip:   2.40 kB
dist/assets/php-120yhfDK.js                            7.89 kB │ gzip:   2.04 kB
dist/assets/perl-DlYyT36c.js                           8.12 kB │ gzip:   3.10 kB
dist/assets/ruby-CYWGW-b1.js                           8.36 kB │ gzip:   2.54 kB
dist/assets/razor-DSndh3h_.js                          8.70 kB │ gzip:   2.29 kB
dist/assets/protobuf-IBS6jZEB.js                       8.91 kB │ gzip:   2.04 kB
dist/assets/clojure-D9WOWImG.js                        9.50 kB │ gzip:   3.57 kB
dist/assets/elixir-BRjLKONM.js                        10.12 kB │ gzip:   2.50 kB
dist/assets/sql-BdTr02Mf.js                           10.16 kB │ gzip:   3.79 kB
dist/assets/mysql-BHd6q0vd.js                         11.13 kB │ gzip:   4.01 kB
dist/assets/redshift-CBifECDb.js                      11.66 kB │ gzip:   4.30 kB
dist/assets/pgsql-Dy0bjov7.js                         13.32 kB │ gzip:   4.46 kB
dist/assets/abap-CRCWOmpq.js                          14.02 kB │ gzip:   5.27 kB
dist/assets/freemarker2-D_Xlr0P_.js                   16.03 kB │ gzip:   4.15 kB
dist/assets/powerquery-DdJtto1Z.js                    16.80 kB │ gzip:   4.81 kB
dist/assets/solidity-CME5AdoB.js                      18.46 kB │ gzip:   4.41 kB
dist/assets/SwarmWorkspace-Cbwu1S7k.js                48.72 kB │ gzip:  13.55 kB
dist/assets/SettingsPopover-DaRftlkR.js               57.24 kB │ gzip:  16.36 kB
dist/assets/CodeWorkspace-DnsemR15.js                 65.08 kB │ gzip:  21.27 kB
dist/assets/CodeFileExplorer-DFioq8vA.js              80.71 kB │ gzip:  22.69 kB
dist/assets/index-CsgbMY1d.js                        109.83 kB │ gzip:  37.55 kB
dist/assets/react-ymTBRA3A.js                        142.29 kB │ gzip:  45.79 kB
dist/assets/markdown-CxokLXXG.js                     166.41 kB │ gzip:  51.83 kB
dist/assets/DagCanvas-DYYBfkmT.js                    222.71 kB │ gzip:  56.99 kB
dist/assets/App-CY4D4PWB.js                          345.26 kB │ gzip: 102.44 kB
dist/assets/TerminalWorkspace-B69muzdR.js            346.24 kB │ gzip:  88.83 kB
dist/assets/monaco-Dxi7OENg.js                     2,956.95 kB │ gzip: 759.24 kB

(!) Some chunks are larger than 500 kB after minification. Consider:
- Using dynamic import() to code-split the application
- Use build.rollupOptions.output.manualChunks to improve chunking: https://rollupjs.org/configuration-options/#output-manualchunks
- Adjust chunk size limit for this warning via build.chunkSizeWarningLimit.
✓ built in 10.00s
